Archive member included to satisfy reference by file (symbol)

d:/mounriver/mounriver_studio/toolchain/risc-v embedded gcc/bin/../lib/gcc/riscv-none-embed/8.2.0/../../../../riscv-none-embed/lib/rv32imac/ilp32\libg_nano.a(lib_a-memset.o)
                              ./Core/lcd.o (memset)
d:/mounriver/mounriver_studio/toolchain/risc-v embedded gcc/bin/../lib/gcc/riscv-none-embed/8.2.0/../../../../riscv-none-embed/lib/rv32imac/ilp32\libg_nano.a(lib_a-printf.o)
                              ./User/main.o (printf)
d:/mounriver/mounriver_studio/toolchain/risc-v embedded gcc/bin/../lib/gcc/riscv-none-embed/8.2.0/../../../../riscv-none-embed/lib/rv32imac/ilp32\libg_nano.a(lib_a-puts.o)
                              ./User/main.o (puts)
d:/mounriver/mounriver_studio/toolchain/risc-v embedded gcc/bin/../lib/gcc/riscv-none-embed/8.2.0/../../../../riscv-none-embed/lib/rv32imac/ilp32\libg_nano.a(lib_a-strlen.o)
                              ./Core/usart2.o (strlen)
d:/mounriver/mounriver_studio/toolchain/risc-v embedded gcc/bin/../lib/gcc/riscv-none-embed/8.2.0/../../../../riscv-none-embed/lib/rv32imac/ilp32\libg_nano.a(lib_a-strstr.o)
                              ./Core/as608.o (strstr)
d:/mounriver/mounriver_studio/toolchain/risc-v embedded gcc/bin/../lib/gcc/riscv-none-embed/8.2.0/../../../../riscv-none-embed/lib/rv32imac/ilp32\libg_nano.a(lib_a-vsnprintf.o)
                              ./Core/lcd.o (vsnprintf)
d:/mounriver/mounriver_studio/toolchain/risc-v embedded gcc/bin/../lib/gcc/riscv-none-embed/8.2.0/../../../../riscv-none-embed/lib/rv32imac/ilp32\libg_nano.a(lib_a-vsprintf.o)
                              ./Core/usart2.o (vsprintf)
d:/mounriver/mounriver_studio/toolchain/risc-v embedded gcc/bin/../lib/gcc/riscv-none-embed/8.2.0/../../../../riscv-none-embed/lib/rv32imac/ilp32\libg_nano.a(lib_a-wbuf.o)
                              d:/mounriver/mounriver_studio/toolchain/risc-v embedded gcc/bin/../lib/gcc/riscv-none-embed/8.2.0/../../../../riscv-none-embed/lib/rv32imac/ilp32\libg_nano.a(lib_a-puts.o) (__swbuf_r)
d:/mounriver/mounriver_studio/toolchain/risc-v embedded gcc/bin/../lib/gcc/riscv-none-embed/8.2.0/../../../../riscv-none-embed/lib/rv32imac/ilp32\libg_nano.a(lib_a-wsetup.o)
                              d:/mounriver/mounriver_studio/toolchain/risc-v embedded gcc/bin/../lib/gcc/riscv-none-embed/8.2.0/../../../../riscv-none-embed/lib/rv32imac/ilp32\libg_nano.a(lib_a-puts.o) (__swsetup_r)
d:/mounriver/mounriver_studio/toolchain/risc-v embedded gcc/bin/../lib/gcc/riscv-none-embed/8.2.0/../../../../riscv-none-embed/lib/rv32imac/ilp32\libg_nano.a(lib_a-fflush.o)
                              d:/mounriver/mounriver_studio/toolchain/risc-v embedded gcc/bin/../lib/gcc/riscv-none-embed/8.2.0/../../../../riscv-none-embed/lib/rv32imac/ilp32\libg_nano.a(lib_a-wbuf.o) (_fflush_r)
d:/mounriver/mounriver_studio/toolchain/risc-v embedded gcc/bin/../lib/gcc/riscv-none-embed/8.2.0/../../../../riscv-none-embed/lib/rv32imac/ilp32\libg_nano.a(lib_a-findfp.o)
                              d:/mounriver/mounriver_studio/toolchain/risc-v embedded gcc/bin/../lib/gcc/riscv-none-embed/8.2.0/../../../../riscv-none-embed/lib/rv32imac/ilp32\libg_nano.a(lib_a-printf.o) (__sinit)
d:/mounriver/mounriver_studio/toolchain/risc-v embedded gcc/bin/../lib/gcc/riscv-none-embed/8.2.0/../../../../riscv-none-embed/lib/rv32imac/ilp32\libg_nano.a(lib_a-fwalk.o)
                              d:/mounriver/mounriver_studio/toolchain/risc-v embedded gcc/bin/../lib/gcc/riscv-none-embed/8.2.0/../../../../riscv-none-embed/lib/rv32imac/ilp32\libg_nano.a(lib_a-findfp.o) (_fwalk)
d:/mounriver/mounriver_studio/toolchain/risc-v embedded gcc/bin/../lib/gcc/riscv-none-embed/8.2.0/../../../../riscv-none-embed/lib/rv32imac/ilp32\libg_nano.a(lib_a-impure.o)
                              d:/mounriver/mounriver_studio/toolchain/risc-v embedded gcc/bin/../lib/gcc/riscv-none-embed/8.2.0/../../../../riscv-none-embed/lib/rv32imac/ilp32\libg_nano.a(lib_a-fflush.o) (_global_impure_ptr)
d:/mounriver/mounriver_studio/toolchain/risc-v embedded gcc/bin/../lib/gcc/riscv-none-embed/8.2.0/../../../../riscv-none-embed/lib/rv32imac/ilp32\libg_nano.a(lib_a-makebuf.o)
                              d:/mounriver/mounriver_studio/toolchain/risc-v embedded gcc/bin/../lib/gcc/riscv-none-embed/8.2.0/../../../../riscv-none-embed/lib/rv32imac/ilp32\libg_nano.a(lib_a-wsetup.o) (__smakebuf_r)
d:/mounriver/mounriver_studio/toolchain/risc-v embedded gcc/bin/../lib/gcc/riscv-none-embed/8.2.0/../../../../riscv-none-embed/lib/rv32imac/ilp32\libg_nano.a(lib_a-nano-freer.o)
                              d:/mounriver/mounriver_studio/toolchain/risc-v embedded gcc/bin/../lib/gcc/riscv-none-embed/8.2.0/../../../../riscv-none-embed/lib/rv32imac/ilp32\libg_nano.a(lib_a-wsetup.o) (_free_r)
d:/mounriver/mounriver_studio/toolchain/risc-v embedded gcc/bin/../lib/gcc/riscv-none-embed/8.2.0/../../../../riscv-none-embed/lib/rv32imac/ilp32\libg_nano.a(lib_a-nano-mallocr.o)
[...]
Memory Configuration

Name             Origin             Length             Attributes
FLASH            0x0000000000000000 0x0000000000048000 xr
RAM              0x0000000020000000 0x0000000000008000 xrw
*default*        0x0000000000000000 0xffffffffffffffff

Linker script and memory map

LOAD ./User/ch32v30x_it.o
LOAD ./User/main.o
LOAD ./User/system_ch32v30x.o
LOAD ./Startup/startup_ch32v30x_D8C.o
LOAD ./Peripheral/src/ch32v30x_adc.o
LOAD ./Peripheral/src/ch32v30x_bkp.o
LOAD ./Peripheral/src/ch32v30x_can.o
LOAD ./Peripheral/src/ch32v30x_crc.o
LOAD ./Peripheral/src/ch32v30x_dac.o
LOAD ./Peripheral/src/ch32v30x_dbgmcu.o
LOAD ./Peripheral/src/ch32v30x_dma.o
LOAD ./Peripheral/src/ch32v30x_dvp.o
LOAD ./Peripheral/src/ch32v30x_eth.o
LOAD ./Peripheral/src/ch32v30x_exti.o
LOAD ./Peripheral/src/ch32v30x_flash.o
LOAD ./Peripheral/src/ch32v30x_fsmc.o
LOAD ./Peripheral/src/ch32v30x_gpio.o
LOAD ./Peripheral/src/ch32v30x_i2c.o
LOAD ./Peripheral/src/ch32v30x_iwdg.o
LOAD ./Peripheral/src/ch32v30x_misc.o
LOAD ./Peripheral/src/ch32v30x_opa.o
LOAD ./Peripheral/src/ch32v30x_pwr.o
LOAD ./Peripheral/src/ch32v30x_rcc.o
LOAD ./Peripheral/src/ch32v30x_rng.o
LOAD ./Peripheral/src/ch32v30x_rtc.o
LOAD ./Peripheral/src/ch32v30x_sdio.o
LOAD ./Peripheral/src/ch32v30x_spi.o
LOAD ./Peripheral/src/ch32v30x_tim.o
LOAD ./Peripheral/src/ch32v30x_usart.o
LOAD ./Peripheral/src/ch32v30x_wwdg.o
LOAD ./Debug/debug.o
LOAD ./Core/Niming.o
LOAD ./Core/PWM.o
LOAD ./Core/as608.o
LOAD ./Core/core_riscv.o
LOAD ./Core/display.o
LOAD ./Core/key.o
LOAD ./Core/lcd.o
LOAD ./Core/timer.o
LOAD ./Core/uart_opwnmv.o
LOAD ./Core/usart2.o
LOAD ./Core/use_as608.o
LOAD d:/mounriver/mounriver_studio/toolchain/risc-v embedded gcc/bin/../lib/gcc/riscv-none-embed/8.2.0/rv32imac/ilp32\libgcc.a
LOAD d:/mounriver/mounriver_studio/toolchain/risc-v embedded gcc/bin/../lib/gcc/riscv-none-embed/8.2.0/../../../../riscv-none-embed/lib/rv32imac/ilp32\libg_nano.a
LOAD d:/mounriver/mounriver_studio/toolchain/risc-v embedded gcc/bin/../lib/gcc/riscv-none-embed/8.2.0/../../../../riscv-none-embed/lib/rv32imac/ilp32\libc_nano.a
LOAD d:/mounriver/mounriver_studio/toolchain/risc-v embedded gcc/bin/../lib/gcc/riscv-none-embed/8.2.0/rv32imac/ilp32\libgcc.a
START GROUP
LOAD d:/mounriver/mounriver_studio/toolchain/risc-v embedded gcc/bin/../lib/gcc/riscv-none-embed/8.2.0/rv32imac/ilp32\libgcc.a
LOAD d:/mounriver/mounriver_studio/toolchain/risc-v embedded gcc/bin/../lib/gcc/riscv-none-embed/8.2.0/../../../../riscv-none-embed/lib/rv32imac/ilp32\libc_nano.a
LOAD d:/mounriver/mounriver_studio/toolchain/risc-v embedded gcc/bin/../lib/gcc/riscv-none-embed/8.2.0/../../../../riscv-none-embed/lib/rv32imac/ilp32\libnosys.a
END GROUP
START GROUP
LOAD d:/mounriver/mounriver_studio/toolchain/risc-v embedded gcc/bin/../lib/gcc/riscv-none-embed/8.2.0/rv32imac/ilp32\libgcc.a
LOAD d:/mounriver/mounriver_studio/toolchain/risc-v embedded gcc/bin/../lib/gcc/riscv-none-embed/8.2.0/../../../../riscv-none-embed/lib/rv32imac/ilp32\libc_nano.a
LOAD d:/mounriver/mounriver_studio/toolchain/risc-v embedded gcc/bin/../lib/gcc/riscv-none-embed/8.2.0/../../../../riscv-none-embed/lib/rv32imac/ilp32\libnosys.a
END GROUP
                0x0000000000000800                __stack_size = 0x800
                [!provide]                        PROVIDE (_stack_size = __stack_size)

.init           0x0000000000000000       0x38
                0x0000000000000000                _sinit = .
                0x0000000000000000                . = ALIGN (0x4)
 *(SORT_NONE(.init))
 .init          0x0000000000000000       0x38 ./Startup/startup_ch32v30x_D8C.o
                0x0000000000000000                _start
                0x0000000000000038                . = ALIGN (0x4)
                0x0000000000000038                _einit = .

.vector         0x0000000000000038      0x1c8
 *(.vector)
 .vector        0x0000000000000038      0x1a0 ./Startup/startup_ch32v30x_D8C.o
                0x0000000000000200                . = ALIGN (0x40)
 *fill*         0x00000000000001d8       0x28 

.text           0x0000000000000200     0x7144
                0x0000000000000200                . = ALIGN (0x4)
 *(.text)
 .text          0x0000000000000200       0xa8 d:/mounriver/mounriver_studio/toolchain/risc-v embedded gcc/bin/../lib/gcc/riscv-none-embed/8.2.0/../../../../riscv-none-embed/lib/rv32imac/ilp32\libg_nano.a(lib_a-memset.o)
                0x0000000000000200                memset
 *(.text.*)
 .text.NMI_Handler
                0x00000000000002a8        0x4 ./User/ch32v30x_it.o
                0x00000000000002a8                NMI_Handler
 .text.HardFault_Handler
                0x00000000000002ac        0x2 ./User/ch32v30x_it.o
                0x00000000000002ac                HardFault_Handler
 .text.startup.main
                0x00000000000002ae      0x1bc ./User/main.o
                0x00000000000002ae                main
 .text.SystemInit
                0x000000000000046a       0xfa ./User/system_ch32v30x.o
                0x000000000000046a                SystemInit
 .text.vector_handler
                0x0000000000000564       0xbe ./Startup/startup_ch32v30x_D8C.o
                0x0000000000000568                Ecall_M_Mode_Handler
                0x000000000000056a                Ecall_U_Mode_Handler
                0x000000000000056c                Break_Point_Handler
                0x000000000000056e                SysTick_Handler
                0x0000000000000570                SW_Handler
                0x0000000000000572                WWDG_IRQHandler
                0x0000000000000574                PVD_IRQHandler
                0x0000000000000576                TAMPER_IRQHandler
                0x0000000000000578                RTC_IRQHandler
                0x000000000000057a                FLASH_IRQHandler
                0x000000000000057c                RCC_IRQHandler
                0x0000000000000588                DMA1_Channel1_IRQHandler
                0x000000000000058a                DMA1_Channel2_IRQHandler
                0x000000000000058c                DMA1_Channel3_IRQHandler
                0x000000000000058e                DMA1_Channel4_IRQHandler
                0x0000000000000590                DMA1_Channel5_IRQHandler
                0x0000000000000592                DMA1_Channel6_IRQHandler
                0x0000000000000594                DMA1_Channel7_IRQHandler
                0x0000000000000596                ADC1_2_IRQHandler
                0x0000000000000598                USB_HP_CAN1_TX_IRQHandler
                0x000000000000059a                USB_LP_CAN1_RX0_IRQHandler
                0x000000000000059c                CAN1_RX1_IRQHandler
                0x000000000000059e                CAN1_SCE_IRQHandler
                0x00000000000005a2                TIM1_BRK_IRQHandler
                0x00000000000005a4                TIM1_UP_IRQHandler
                0x00000000000005a6                TIM1_TRG_COM_IRQHandler
                0x00000000000005a8                TIM1_CC_IRQHandler
                0x00000000000005aa                TIM2_IRQHandler
                0x00000000000005ac                TIM3_IRQHandler
                0x00000000000005ae                TIM4_IRQHandler
                0x00000000000005b0                I2C1_EV_IRQHandler
                0x00000000000005b2                I2C1_ER_IRQHandler
                0x00000000000005b4                I2C2_EV_IRQHandler
                0x00000000000005b6                I2C2_ER_IRQHandler
                0x00000000000005b8                SPI1_IRQHandler
                0x00000000000005ba                SPI2_IRQHandler
                0x00000000000005bc                USART1_IRQHandler
                0x00000000000005be                USART2_IRQHandler
                0x00000000000005c4                RTCAlarm_IRQHandler
                0x00000000000005c6                USBWakeUp_IRQHandler
                0x00000000000005c8                TIM8_BRK_IRQHandler
                0x00000000000005ca                TIM8_UP_IRQHandler
                0x00000000000005cc                TIM8_TRG_COM_IRQHandler
                0x00000000000005ce                TIM8_CC_IRQHandler
                0x00000000000005d0                RNG_IRQHandler
                0x00000000000005d2                FSMC_IRQHandler
                0x00000000000005d4                SDIO_IRQHandler
                0x00000000000005d6                TIM5_IRQHandler
                0x00000000000005d8                SPI3_IRQHandler
                0x00000000000005da                UART4_IRQHandler
                0x00000000000005dc                UART5_IRQHandler
                0x00000000000005de                TIM6_IRQHandler
                0x00000000000005e2                DMA2_Channel1_IRQHandler
                0x00000000000005e4                DMA2_Channel2_IRQHandler
                0x00000000000005e6                DMA2_Channel3_IRQHandler
                0x00000000000005e8                DMA2_Channel4_IRQHandler
                0x00000000000005ea                DMA2_Channel5_IRQHandler
                0x00000000000005ec                ETH_IRQHandler
                0x00000000000005ee                ETH_WKUP_IRQHandler
                0x00000000000005f0                CAN2_TX_IRQHandler
                0x00000000000005f2                CAN2_RX0_IRQHandler
                0x00000000000005f4                CAN2_RX1_IRQHandler
                0x00000000000005f6                CAN2_SCE_IRQHandler
                0x00000000000005f8                OTG_FS_IRQHandler
                0x00000000000005fa                USBHSWakeup_IRQHandler
                0x00000000000005fc                USBHS_IRQHandler
                0x00000000000005fe                DVP_IRQHandler
                0x0000000000000600                UART6_IRQHandler
                0x0000000000000602                UART7_IRQHandler
                0x0000000000000604                UART8_IRQHandler
                0x0000000000000606                TIM9_BRK_IRQHandler
                0x0000000000000608                TIM9_UP_IRQHandler
                0x000000000000060a                TIM9_TRG_COM_IRQHandler
                0x000000000000060c                TIM9_CC_IRQHandler
                0x000000000000060e                TIM10_BRK_IRQHandler
                0x0000000000000610                TIM10_UP_IRQHandler
                0x0000000000000612                TIM10_TRG_COM_IRQHandler
                0x0000000000000614                TIM10_CC_IRQHandler
                0x0000000000000616                DMA2_Channel6_IRQHandler
                0x0000000000000618                DMA2_Channel7_IRQHandler
                0x000000000000061a                DMA2_Channel8_IRQHandler
                0x000000000000061c                DMA2_Channel9_IRQHandler
                0x000000000000061e                DMA2_Channel10_IRQHandler
                0x0000000000000620                DMA2_Channel11_IRQHandler
 .text.handle_reset
                0x0000000000000622       0x8a ./Startup/startup_ch32v30x_D8C.o
                0x0000000000000622                handle_reset
 .text.EXTI_Init
                0x00000000000006ac       0x6a ./Peripheral/src/ch32v30x_exti.o
                0x00000000000006ac                EXTI_Init
 .text.EXTI_GetITStatus
                0x0000000000000716       0x1e ./Peripheral/src/ch32v30x_exti.o
                0x0000000000000716                EXTI_GetITStatus
 .text.EXTI_ClearITPendingBit
                0x0000000000000734        0xa ./Peripheral/src/ch32v30x_exti.o
                0x0000000000000734                EXTI_ClearITPendingBit
 .text.FSMC_NORSRAMInit
                0x000000000000073e       0xba ./Peripheral/src/ch32v30x_fsmc.o
                0x000000000000073e                FSMC_NORSRAMInit
 .text.FSMC_NORSRAMCmd
                0x00000000000007f8       0x1e ./Peripheral/src/ch32v30x_fsmc.o
                0x00000000000007f8                FSMC_NORSRAMCmd
 .text.GPIO_Init
                0x0000000000000816       0xc2 ./Peripheral/src/ch32v30x_gpio.o
                0x0000000000000816                GPIO_Init
 .text.GPIO_ResetBits
                0x00000000000008d8        0x4 ./Peripheral/src/ch32v30x_gpio.o
                0x00000000000008d8                GPIO_ResetBits
 .text.GPIO_EXTILineConfig
                0x00000000000008dc       0x2c ./Peripheral/src/ch32v30x_gpio.o
                0x00000000000008dc                GPIO_EXTILineConfig
 .text.NVIC_PriorityGroupConfig
                0x0000000000000908        0x6 ./Peripheral/src/ch32v30x_misc.o
                0x0000000000000908                NVIC_PriorityGroupConfig
 .text.NVIC_Init
                0x000000000000090e       0xb8 ./Peripheral/src/ch32v30x_misc.o
                0x000000000000090e                NVIC_Init
 .text.RCC_GetClocksFreq
                0x00000000000009c6      0x10e ./Peripheral/src/ch32v30x_rcc.o
                0x00000000000009c6                RCC_GetClocksFreq
 .text.RCC_AHBPeriphClockCmd
                0x0000000000000ad4       0x1e ./Peripheral/src/ch32v30x_rcc.o
                0x0000000000000ad4                RCC_AHBPeriphClockCmd
 .text.RCC_APB2PeriphClockCmd
                0x0000000000000af2       0x1e ./Peripheral/src/ch32v30x_rcc.o
                0x0000000000000af2                RCC_APB2PeriphClockCmd
 .text.TIM_TimeBaseInit
                0x0000000000000b10       0xc0 ./Peripheral/src/ch32v30x_tim.o
                0x0000000000000b10                TIM_TimeBaseInit
 .text.TIM_OC2Init
                0x0000000000000bd0       0xcc ./Peripheral/src/ch32v30x_tim.o
                0x0000000000000bd0                TIM_OC2Init
 .text.TIM_Cmd  0x0000000000000c9c       0x1c ./Peripheral/src/ch32v30x_tim.o
                0x0000000000000c9c                TIM_Cmd
 .text.TIM_CtrlPWMOutputs
                0x0000000000000cb8       0x16 ./Peripheral/src/ch32v30x_tim.o
                0x0000000000000cb8                TIM_CtrlPWMOutputs
 .text.TIM_ARRPreloadConfig
                0x0000000000000cce       0x1e ./Peripheral/src/ch32v30x_tim.o
                0x0000000000000cce                TIM_ARRPreloadConfig
 .text.TIM_OC2PreloadConfig
                0x0000000000000cec       0x1a ./Peripheral/src/ch32v30x_tim.o
                0x0000000000000cec                TIM_OC2PreloadConfig
 .text.TIM_SetCounter
                0x0000000000000d06        0x6 ./Peripheral/src/ch32v30x_tim.o
                0x0000000000000d06                TIM_SetCounter
 .text.TIM_SetCompare2
                0x0000000000000d0c        0x6 ./Peripheral/src/ch32v30x_tim.o
                0x0000000000000d0c                TIM_SetCompare2
 .text.TIM_GetITStatus
                0x0000000000000d12       0x1c ./Peripheral/src/ch32v30x_tim.o
                0x0000000000000d12                TIM_GetITStatus
 .text.TIM_ClearITPendingBit
                0x0000000000000d2e        0xe ./Peripheral/src/ch32v30x_tim.o
                0x0000000000000d2e                TIM_ClearITPendingBit
 .text.USART_Init
                0x0000000000000d3c       0xd8 ./Peripheral/src/ch32v30x_usart.o
                0x0000000000000d3c                USART_Init
 .text.USART_Cmd
                0x0000000000000e14       0x1c ./Peripheral/src/ch32v30x_usart.o
                0x0000000000000e14                USART_Cmd
 .text.USART_SendData
                0x0000000000000e30        0xa ./Peripheral/src/ch32v30x_usart.o
                0x0000000000000e30                USART_SendData
 .text.USART_ReceiveData
                0x0000000000000e3a        0xa ./Peripheral/src/ch32v30x_usart.o
                0x0000000000000e3a                USART_ReceiveData
 .text.USART_GetFlagStatus
                0x0000000000000e44        0xc ./Peripheral/src/ch32v30x_usart.o
                0x0000000000000e44                USART_GetFlagStatus
 .text.USART_GetITStatus
                0x0000000000000e50       0x44 ./Peripheral/src/ch32v30x_usart.o
                0x0000000000000e50                USART_GetITStatus
 .text.Delay_Init
                0x0000000000000e94       0x2a ./Debug/debug.o
                0x0000000000000e94                Delay_Init
 .text.Delay_Ms
                0x0000000000000ebe       0x2e ./Debug/debug.o
                0x0000000000000ebe                Delay_Ms
 .text.USART_Printf_Init
                0x0000000000000eec       0x56 ./Debug/debug.o
                0x0000000000000eec                USART_Printf_Init
 .text._write   0x0000000000000f42       0x4c ./Debug/debug.o
                0x0000000000000f42                _write
 .text._sbrk    0x0000000000000f8e       0x26 ./Debug/debug.o
                0x0000000000000f8e                _sbrk
 .text.Open_door
                0x0000000000000fb4        0x2 ./Core/PWM.o
                0x0000000000000fb4                Open_door
 .text.Close_door
                0x0000000000000fb6        0x2 ./Core/PWM.o
                0x0000000000000fb6                Close_door
 .text.MYUSART_SendData
                0x0000000000000fb8       0x18 ./Core/as608.o
 .text.SendHead
                0x0000000000000fd0       0x12 ./Core/as608.o
 .text.SendAddr
                0x0000000000000fe2       0x28 ./Core/as608.o
 .text.SendLength
                0x000000000000100a       0x18 ./Core/as608.o
 .text.SendCheck
                0x0000000000001022       0x18 ./Core/as608.o
 .text.JudgeStr
                0x000000000000103a       0x7e ./Core/as608.o
 .text.PS_StaGPIO_Init
                0x00000000000010b8       0x30 ./Core/as608.o
                0x00000000000010b8                PS_StaGPIO_Init
 .text.PS_GetImage
                0x00000000000010e8       0x30 ./Core/as608.o
                0x00000000000010e8                PS_GetImage
 .text.PS_GenChar
                0x0000000000001118       0x3c ./Core/as608.o
                0x0000000000001118                PS_GenChar
 .text.PS_HighSpeedSearch
                0x0000000000001154       0xa4 ./Core/as608.o
                0x0000000000001154                PS_HighSpeedSearch
 .text.EnsureMessage
                0x00000000000011f8       0x22 ./Core/as608.o
                0x00000000000011f8                EnsureMessage
 .text.Display_keyboard
                0x000000000000121a      0x174 ./Core/display.o
                0x000000000000121a                Display_keyboard
 .text.Display_BlinkLine
                0x000000000000138e       0x80 ./Core/display.o
                0x000000000000138e                Display_BlinkLine
 .text.Clear_Line
                0x000000000000140e       0x32 ./Core/display.o
                0x000000000000140e                Clear_Line
 .text.Display_EnterNum
                0x0000000000001440      0x18c ./Core/display.o
                0x0000000000001440                Display_EnterNum
 .text.Display_JudgeFR
                0x00000000000015cc       0xe6 ./Core/display.o
                0x00000000000015cc                Display_JudgeFR
 .text.Display_AddFR
                0x00000000000016b2       0xc8 ./Core/display.o
                0x00000000000016b2                Display_AddFR
 .text.Display_OpenMV
                0x000000000000177a       0xfe ./Core/display.o
                0x000000000000177a                Display_OpenMV
 .text.Display_Warning
                0x0000000000001878       0x4e ./Core/display.o
                0x0000000000001878                Display_Warning
 .text.Keep_Warning
                0x00000000000018c6       0x56 ./Core/display.o
                0x00000000000018c6                Keep_Warning
 .text.EXTI_INT_INIT
                0x000000000000191c      0x11e ./Core/key.o
                0x000000000000191c                EXTI_INT_INIT
 .text.EXTI0_IRQHandler
                0x0000000000001a3a       0x3e ./Core/key.o
                0x0000000000001a3a                EXTI0_IRQHandler
 .text.EXTI1_IRQHandler
                0x0000000000001a78       0x30 ./Core/key.o
                0x0000000000001a78                EXTI1_IRQHandler
 .text.EXTI2_IRQHandler
                0x0000000000001aa8       0x30 ./Core/key.o
                0x0000000000001aa8                EXTI2_IRQHandler
 .text.EXTI3_IRQHandler
                0x0000000000001ad8       0x30 ./Core/key.o
                0x0000000000001ad8                EXTI3_IRQHandler
 .text.EXTI4_IRQHandler
                0x0000000000001b08       0x46 ./Core/key.o
                0x0000000000001b08                EXTI4_IRQHandler
 .text.EXTI9_5_IRQHandler
                0x0000000000001b4e       0x7c ./Core/key.o
                0x0000000000001b4e                EXTI9_5_IRQHandler
 .text.EXTI15_10_IRQHandler
                0x0000000000001bca       0x18 ./Core/key.o
                0x0000000000001bca                EXTI15_10_IRQHandler
 .text.LCD_WriteHalfWord
                0x0000000000001be2       0x16 ./Core/lcd.o
                0x0000000000001be2                LCD_WriteHalfWord
 .text.LCD_ReadData
                0x0000000000001bf8       0x1a ./Core/lcd.o
                0x0000000000001bf8                LCD_ReadData
 .text.LCD_FSMCInit
                0x0000000000001c12      0x126 ./Core/lcd.o
                0x0000000000001c12                LCD_FSMCInit
 .text.LCD_GPIOInit
                0x0000000000001d38       0x96 ./Core/lcd.o
                0x0000000000001d38                LCD_GPIOInit
 .text.LCD_SetBrightness
                0x0000000000001dce       0x1c ./Core/lcd.o
                0x0000000000001dce                LCD_SetBrightness
 .text.LCD_ConvertColor
                0x0000000000001dea       0x1e ./Core/lcd.o
                0x0000000000001dea                LCD_ConvertColor
 .text.LCD_SetColor
                0x0000000000001e08        0xa ./Core/lcd.o
                0x0000000000001e08                LCD_SetColor
 .text.LCD_AddressSetWrite
                0x0000000000001e12       0x5e ./Core/lcd.o
                0x0000000000001e12                LCD_AddressSetWrite
 .text.LCD_AddressSetRead
                0x0000000000001e70       0x5e ./Core/lcd.o
                0x0000000000001e70                LCD_AddressSetRead
 .text.LCD_Clear
                0x0000000000001ece       0x4c ./Core/lcd.o
                0x0000000000001ece                LCD_Clear
 .text.LCD_Init
                0x0000000000001f1a      0x1f2 ./Core/lcd.o
                0x0000000000001f1a                LCD_Init
 .text.LCD_DrawPoint
                0x000000000000210c       0x16 ./Core/lcd.o
                0x000000000000210c                LCD_DrawPoint
 .text.LCD_Fill
                0x0000000000002122       0x4e ./Core/lcd.o
                0x0000000000002122                LCD_Fill
 .text.LCD_DrawLine
                0x0000000000002170      0x134 ./Core/lcd.o
                0x0000000000002170                LCD_DrawLine
 .text.LCD_DrawRectangle
                0x00000000000022a4       0x50 ./Core/lcd.o
                0x00000000000022a4                LCD_DrawRectangle
 .text.LCD_ShowChar
                0x00000000000022f4      0x38c ./Core/lcd.o
                0x00000000000022f4                LCD_ShowChar
 .text.LCD_ShowString
                0x0000000000002680       0xd2 ./Core/lcd.o
                0x0000000000002680                LCD_ShowString
 .text.LCD_ShowNum
                0x0000000000002752       0x12 ./Core/lcd.o
                0x0000000000002752                LCD_ShowNum
 .text.TIM7_IRQHandler
                0x0000000000002764       0x44 ./Core/timer.o
                0x0000000000002764                TIM7_IRQHandler
 .text.USART3_IRQHandler
                0x00000000000027a8       0xa4 ./Core/usart2.o
                0x00000000000027a8                USART3_IRQHandler
 .text.ShowErrMessage
                0x000000000000284c       0x3c ./Core/use_as608.o
                0x000000000000284c                ShowErrMessage
 .text.Add_FR   0x0000000000002888        0x2 ./Core/use_as608.o
                0x0000000000002888                Add_FR
 .text.press_FR
                0x000000000000288a       0x68 ./Core/use_as608.o
                0x000000000000288a                press_FR
 .text.Judge_FR
                0x00000000000028f2        0xe ./Core/use_as608.o
                0x00000000000028f2                Judge_FR
 .text.printf   0x0000000000002900       0x40 d:/mounriver/mounriver_studio/toolchain/risc-v embedded gcc/bin/../lib/gcc/riscv-none-embed/8.2.0/../../../../riscv-none-embed/lib/rv32imac/ilp32\libg_nano.a(lib_a-printf.o)
                0x0000000000002900                iprintf
                0x0000000000002900                printf
 .text._puts_r  0x0000000000002940       0xda d:/mounriver/mounriver_studio/toolchain/risc-v embedded gcc/bin/../lib/gcc/riscv-none-embed/8.2.0/../../../../riscv-none-embed/lib/rv32imac/ilp32\libg_nano.a(lib_a-puts.o)
                0x0000000000002940                _puts_r
 .text.puts     0x0000000000002a1a        0xa d:/mounriver/mounriver_studio/toolchain/risc-v embedded gcc/bin/../lib/gcc/riscv-none-embed/8.2.0/../../../../riscv-none-embed/lib/rv32imac/ilp32\libg_nano.a(lib_a-puts.o)
                0x0000000000002a1a                puts
 .text.strstr   0x0000000000002a24       0x3e d:/mounriver/mounriver_studio/toolchain/risc-v embedded gcc/bin/../lib/gcc/riscv-none-embed/8.2.0/../../../../riscv-none-embed/lib/rv32imac/ilp32\libg_nano.a(lib_a-strstr.o)
                0x0000000000002a24                strstr
 .text._vsnprintf_r
                0x0000000000002a62       0x60 d:/mounriver/mounriver_studio/toolchain/risc-v embedded gcc/bin/../lib/gcc/riscv-none-embed/8.2.0/../../../../riscv-none-embed/lib/rv32imac/ilp32\libg_nano.a(lib_a-vsnprintf.o)
                0x0000000000002a62                _vsniprintf_r
                0x0000000000002a62                _vsnprintf_r
 .text.vsnprintf
                0x0000000000002ac2       0x10 d:/mounriver/mounriver_studio/toolchain/risc-v embedded gcc/bin/../lib/gcc/riscv-none-embed/8.2.0/../../../../riscv-none-embed/lib/rv32imac/ilp32\libg_nano.a(lib_a-vsnprintf.o)
                0x0000000000002ac2                vsniprintf
                0x0000000000002ac2                vsnprintf
 .text.__swbuf_r
                0x0000000000002ad2       0xc0 d:/mounriver/mounriver_studio/toolchain/risc-v embedded gcc/bin/../lib/gcc/riscv-none-embed/8.2.0/../../../../riscv-none-embed/lib/rv32imac/ilp32\libg_nano.a(lib_a-wbuf.o)
                0x0000000000002ad2                __swbuf_r
 .text.__swsetup_r
                0x0000000000002b92      0x10c d:/mounriver/mounriver_studio/toolchain/risc-v embedded gcc/bin/../lib/gcc/riscv-none-embed/8.2.0/../../../../riscv-none-embed/lib/rv32imac/ilp32\libg_nano.a(lib_a-wsetup.o)
                0x0000000000002b92                __swsetup_r
 .text.__sflush_r
                0x0000000000002c9e      0x13c d:/mounriver/mounriver_studio/toolchain/risc-v embedded gcc/bin/../lib/gcc/riscv-none-embed/8.2.0/../../../../riscv-none-embed/lib/rv32imac/ilp32\libg_nano.a(lib_a-fflush.o)
                0x0000000000002c9e                __sflush_r
 .text._fflush_r
                0x0000000000002dda       0x64 d:/mounriver/mounriver_studio/toolchain/risc-v embedded gcc/bin/../lib/gcc/riscv-none-embed/8.2.0/../../../../riscv-none-embed/lib/rv32imac/ilp32\libg_nano.a(lib_a-fflush.o)
                0x0000000000002dda                _fflush_r
 .text.std      0x0000000000002e3e       0x6a d:/mounriver/mounriver_studio/toolchain/risc-v embedded gcc/bin/../lib/gcc/riscv-none-embed/8.2.0/../../../../riscv-none-embed/lib/rv32imac/ilp32\libg_nano.a(lib_a-findfp.o)
 .text._cleanup_r
                0x0000000000002ea8        0xa d:/mounriver/mounriver_studio/toolchain/risc-v embedded gcc/bin/../lib/gcc/riscv-none-embed/8.2.0/../../../../riscv-none-embed/lib/rv32imac/ilp32\libg_nano.a(lib_a-findfp.o)
                0x0000000000002ea8                _cleanup_r
 .text.__sfmoreglue
                0x0000000000002eb2       0x46 d:/mounriver/mounriver_studio/toolchain/risc-v embedded gcc/bin/../lib/gcc/riscv-none-embed/8.2.0/../../../../riscv-none-embed/lib/rv32imac/ilp32\libg_nano.a(lib_a-findfp.o)
                0x0000000000002eb2                __sfmoreglue
 .text.__sinit  0x0000000000002ef8       0x66 d:/mounriver/mounriver_studio/toolchain/risc-v embedded gcc/bin/../lib/gcc/riscv-none-embed/8.2.0/../../../../riscv-none-embed/lib/rv32imac/ilp32\libg_nano.a(lib_a-findfp.o)
                0x0000000000002ef8                __sinit
 .text.__sfp    0x0000000000002f5e       0x9c d:/mounriver/mounriver_studio/toolchain/risc-v embedded gcc/bin/../lib/gcc/riscv-none-embed/8.2.0/../../../../riscv-none-embed/lib/rv32imac/ilp32\libg_nano.a(lib_a-findfp.o)
                0x0000000000002f5e                __sfp
 .text._fwalk_reent
                0x0000000000002ffa       0x6c d:/mounriver/mounriver_studio/toolchain/risc-v embedded gcc/bin/../lib/gcc/riscv-none-embed/8.2.0/../../../../riscv-none-embed/lib/rv32imac/ilp32\libg_nano.a(lib_a-fwalk.o)
                0x0000000000002ffa                _fwalk_reent
 .text.__swhatbuf_r
                0x0000000000003066       0x5a d:/mounriver/mounriver_studio/toolchain/risc-v embedded gcc/bin/../lib/gcc/riscv-none-embed/8.2.0/../../../../riscv-none-embed/lib/rv32imac/ilp32\libg_nano.a(lib_a-makebuf.o)
                0x0000000000003066                __swhatbuf_r
 .text.__smakebuf_r
                0x00000000000030c0       0x9e d:/mounriver/mounriver_studio/toolchain/risc-v embedded gcc/bin/../lib/gcc/riscv-none-embed/8.2.0/../../../../riscv-none-embed/lib/rv32imac/ilp32\libg_nano.a(lib_a-makebuf.o)
                0x00000000000030c0                __smakebuf_r
 .text._free_r  0x000000000000315e       0xa8 d:/mounriver/mounriver_studio/toolchain/risc-v embedded gcc/bin/../lib/gcc/riscv-none-embed/8.2.0/../../../../riscv-none-embed/lib/rv32imac/ilp32\libg_nano.a(lib_a-nano-freer.o)
                0x000000000000315e                _free_r
 .text._malloc_r
                0x0000000000003206       0xda d:/mounriver/mounriver_studio/toolchain/risc-v embedded gcc/bin/../lib/gcc/riscv-none-embed/8.2.0/../../../../riscv-none-embed/lib/rv32imac/ilp32\libg_nano.a(lib_a-nano-mallocr.o)
                0x0000000000003206                _malloc_r
 .text.__ssputs_r
                0x00000000000032e0       0xee d:/mounriver/mounriver_studio/toolchain/risc-v embedded gcc/bin/../lib/gcc/riscv-none-embed/8.2.0/../../../../riscv-none-embed/lib/rv32imac/ilp32\libg_nano.a(lib_a-nano-svfprintf.o)
                0x00000000000032e0                __ssputs_r
 .text._svfprintf_r
                0x00000000000033ce      0x280 d:/mounriver/mounriver_studio/toolchain/risc-v embedded gcc/bin/../lib/gcc/riscv-none-embed/8.2.0/../../../../riscv-none-embed/lib/rv32imac/ilp32\libg_nano.a(lib_a-nano-svfprintf.o)
                0x00000000000033ce                _svfiprintf_r
                0x00000000000033ce                _svfprintf_r
 .text.__sfputc_r
                0x000000000000364e       0x2a d:/mounriver/mounriver_studio/toolchain/risc-v embedded gcc/bin/../lib/gcc/riscv-none-embed/8.2.0/../../../../riscv-none-embed/lib/rv32imac/ilp32\libg_nano.a(lib_a-nano-vfprintf.o)
 .text.__sfputs_r
                0x0000000000003678       0x42 d:/mounriver/mounriver_studio/toolchain/risc-v embedded gcc/bin/../lib/gcc/riscv-none-embed/8.2.0/../../../../riscv-none-embed/lib/rv32imac/ilp32\libg_nano.a(lib_a-nano-vfprintf.o)
                0x0000000000003678                __sfputs_r
 .text._vfprintf_r
                0x00000000000036ba      0x29a d:/mounriver/mounriver_studio/toolchain/risc-v embedded gcc/bin/../lib/gcc/riscv-none-embed/8.2.0/../../../../riscv-none-embed/lib/rv32imac/ilp32\libg_nano.a(lib_a-nano-vfprintf.o)
                0x00000000000036ba                _vfprintf_r
                0x00000000000036ba                _vfiprintf_r
 .text._printf_common
                0x0000000000003954      0x10c d:/mounriver/mounriver_studio/toolchain/risc-v embedded gcc/bin/../lib/gcc/riscv-none-embed/8.2.0/../../../../riscv-none-embed/lib/rv32imac/ilp32\libg_nano.a(lib_a-nano-vfprintf_i.o)
                0x0000000000003954                _printf_common
 .text._printf_i
                0x0000000000003a60      0x2aa d:/mounriver/mounriver_studio/toolchain/risc-v embedded gcc/bin/../lib/gcc/riscv-none-embed/8.2.0/../../../../riscv-none-embed/lib/rv32imac/ilp32\libg_nano.a(lib_a-nano-vfprintf_i.o)
                0x0000000000003a60                _printf_i
 .text._sbrk_r  0x0000000000003d0a       0x2a d:/mounriver/mounriver_studio/toolchain/risc-v embedded gcc/bin/../lib/gcc/riscv-none-embed/8.2.0/../../../../riscv-none-embed/lib/rv32imac/ilp32\libg_nano.a(lib_a-sbrkr.o)
                0x0000000000003d0a                _sbrk_r
 .text.__sread  0x0000000000003d34       0x30 d:/mounriver/mounriver_studio/toolchain/risc-v embedded gcc/bin/../lib/gcc/riscv-none-embed/8.2.0/../../../../riscv-none-embed/lib/rv32imac/ilp32\libg_nano.a(lib_a-stdio.o)
                0x0000000000003d34                __sread
 .text.__swrite
                0x0000000000003d64       0x4e d:/mounriver/mounriver_studio/toolchain/risc-v embedded gcc/bin/../lib/gcc/riscv-none-embed/8.2.0/../../../../riscv-none-embed/lib/rv32imac/ilp32\libg_nano.a(lib_a-stdio.o)
                0x0000000000003d64                __swrite
 .text.__sseek  0x0000000000003db2       0x36 d:/mounriver/mounriver_studio/toolchain/risc-v embedded gcc/bin/../lib/gcc/riscv-none-embed/8.2.0/../../../../riscv-none-embed/lib/rv32imac/ilp32\libg_nano.a(lib_a-stdio.o)
                0x0000000000003db2                __sseek
 .text.__sclose
                0x0000000000003de8        0x6 d:/mounriver/mounriver_studio/toolchain/risc-v embedded gcc/bin/../lib/gcc/riscv-none-embed/8.2.0/../../../../riscv-none-embed/lib/rv32imac/ilp32\libg_nano.a(lib_a-stdio.o)
                0x0000000000003de8                __sclose
 .text._write_r
                0x0000000000003dee       0x2e d:/mounriver/mounriver_studio/toolchain/risc-v embedded gcc/bin/../lib/gcc/riscv-none-embed/8.2.0/../../../../riscv-none-embed/lib/rv32imac/ilp32\libg_nano.a(lib_a-writer.o)
                0x0000000000003dee                _write_r
 .text._close_r
                0x0000000000003e1c       0x28 d:/mounriver/mounriver_studio/toolchain/risc-v embedded gcc/bin/../lib/gcc/riscv-none-embed/8.2.0/../../../../riscv-none-embed/lib/rv32imac/ilp32\libg_nano.a(lib_a-closer.o)
                0x0000000000003e1c                _close_r
 .text._fstat_r
                0x0000000000003e44       0x2a d:/mounriver/mounriver_studio/toolchain/risc-v embedded gcc/bin/../lib/gcc/riscv-none-embed/8.2.0/../../../../riscv-none-embed/lib/rv32imac/ilp32\libg_nano.a(lib_a-fstatr.o)
                0x0000000000003e44                _fstat_r
 .text._isatty_r
                0x0000000000003e6e       0x28 d:/mounriver/mounriver_studio/toolchain/risc-v embedded gcc/bin/../lib/gcc/riscv-none-embed/8.2.0/../../../../riscv-none-embed/lib/rv32imac/ilp32\libg_nano.a(lib_a-isattyr.o)
                0x0000000000003e6e                _isatty_r
 .text._lseek_r
                0x0000000000003e96       0x2c d:/mounriver/mounriver_studio/toolchain/risc-v embedded gcc/bin/../lib/gcc/riscv-none-embed/8.2.0/../../../../riscv-none-embed/lib/rv32imac/ilp32\libg_nano.a(lib_a-lseekr.o)
                0x0000000000003e96                _lseek_r
 .text.memchr   0x0000000000003ec2       0x1a d:/mounriver/mounriver_studio/toolchain/risc-v embedded gcc/bin/../lib/gcc/riscv-none-embed/8.2.0/../../../../riscv-none-embed/lib/rv32imac/ilp32\libg_nano.a(lib_a-memchr.o)
                0x0000000000003ec2                memchr
 .text.memcpy   0x0000000000003edc       0xb6 d:/mounriver/mounriver_studio/toolchain/risc-v embedded gcc/bin/../lib/gcc/riscv-none-embed/8.2.0/../../../../riscv-none-embed/lib/rv32imac/ilp32\libg_nano.a(lib_a-memcpy.o)
                0x0000000000003edc                memcpy
 .text.memmove  0x0000000000003f92       0x4a d:/mounriver/mounriver_studio/toolchain/risc-v embedded gcc/bin/../lib/gcc/riscv-none-embed/8.2.0/../../../../riscv-none-embed/lib/rv32imac/ilp32\libg_nano.a(lib_a-memmove.o)
                0x0000000000003f92                memmove
 .text.__malloc_lock
                0x0000000000003fdc        0x2 d:/mounriver/mounriver_studio/toolchain/risc-v embedded gcc/bin/../lib/gcc/riscv-none-embed/8.2.0/../../../../riscv-none-embed/lib/rv32imac/ilp32\libg_nano.a(lib_a-mlock.o)
                0x0000000000003fdc                __malloc_lock
 .text.__malloc_unlock
                0x0000000000003fde        0x2 d:/mounriver/mounriver_studio/toolchain/risc-v embedded gcc/bin/../lib/gcc/riscv-none-embed/8.2.0/../../../../riscv-none-embed/lib/rv32imac/ilp32\libg_nano.a(lib_a-mlock.o)
                0x0000000000003fde                __malloc_unlock
 .text._realloc_r
                0x0000000000003fe0       0x58 d:/mounriver/mounriver_studio/toolchain/risc-v embedded gcc/bin/../lib/gcc/riscv-none-embed/8.2.0/../../../../riscv-none-embed/lib/rv32imac/ilp32\libg_nano.a(lib_a-nano-reallocr.o)
                0x0000000000003fe0                _realloc_r
 .text._read_r  0x0000000000004038       0x2c d:/mounriver/mounriver_studio/toolchain/risc-v embedded gcc/bin/../lib/gcc/riscv-none-embed/8.2.0/../../../../riscv-none-embed/lib/rv32imac/ilp32\libg_nano.a(lib_a-readr.o)
                0x0000000000004038                _read_r
 .text._malloc_usable_size_r
                0x0000000000004064       0x14 d:/mounriver/mounriver_studio/toolchain/risc-v embedded gcc/bin/../lib/gcc/riscv-none-embed/8.2.0/../../../../riscv-none-embed/lib/rv32imac/ilp32\libg_nano.a(lib_a-nano-msizer.o)
                0x0000000000004064                _malloc_usable_size_r
 .text._close   0x0000000000004078        0xc d:/mounriver/mounriver_studio/toolchain/risc-v embedded gcc/bin/../lib/gcc/riscv-none-embed/8.2.0/../../../../riscv-none-embed/lib/rv32imac/ilp32\libnosys.a(close.o)
                0x0000000000004078                _close
 .text._fstat   0x0000000000004084        0xc d:/mounriver/mounriver_studio/toolchain/risc-v embedded gcc/bin/../lib/gcc/riscv-none-embed/8.2.0/../../../../riscv-none-embed/lib/rv32imac/ilp32\libnosys.a(fstat.o)
                0x0000000000004084                _fstat
 .text._isatty  0x0000000000004090        0xc d:/mounriver/mounriver_studio/toolchain/risc-v embedded gcc/bin/../lib/gcc/riscv-none-embed/8.2.0/../../../../riscv-none-embed/lib/rv32imac/ilp32\libnosys.a(isatty.o)
                0x0000000000004090                _isatty
 .text._lseek   0x000000000000409c        0xc d:/mounriver/mounriver_studio/toolchain/risc-v embedded gcc/bin/../lib/gcc/riscv-none-embed/8.2.0/../../../../riscv-none-embed/lib/rv32imac/ilp32\libnosys.a(lseek.o)
                0x000000000000409c                _lseek
 .text._read    0x00000000000040a8        0xc d:/mounriver/mounriver_studio/toolchain/risc-v embedded gcc/bin/../lib/gcc/riscv-none-embed/8.2.0/../../../../riscv-none-embed/lib/rv32imac/ilp32\libnosys.a(read.o)
                0x00000000000040a8                _read
 *(.rodata)
 *(.rodata*)
 *fill*         0x00000000000040b4        0x0 
 .rodata.main.str1.4
                0x00000000000040b4       0x19 ./User/main.o
 *fill*         0x00000000000040cd        0x3 
 .rodata.CSWTCH.14
                0x00000000000040d0       0x84 ./Core/as608.o
 .rodata.PS_WriteReg.str1.4
                0x0000000000004154       0x29 ./Core/as608.o
 *fill*         0x000000000000417d        0x3 
 .rodata.str1.4
                0x0000000000004180       0xf6 ./Core/as608.o
                                         0xfe (size before relaxing)
 *fill*         0x0000000000004276        0x2 
 .rodata.Display_AddFR.str1.4
                0x0000000000004278       0x18 ./Core/display.o
 .rodata.Display_EnterNum.str1.4
                0x0000000000004290       0x15 ./Core/display.o
 *fill*         0x00000000000042a5        0x3 
 .rodata.Display_JudgeFR.str1.4
                0x00000000000042a8       0x15 ./Core/display.o
 *fill*         0x00000000000042bd        0x3 
 .rodata.Display_OpenMV.str1.4
                0x00000000000042c0       0x17 ./Core/display.o
 *fill*         0x00000000000042d7        0x1 
 .rodata.Display_Warning.str1.4
                0x00000000000042d8        0x8 ./Core/display.o
 .rodata.Display_keyboard.str1.4
                0x00000000000042e0        0x6 ./Core/display.o
 *fill*         0x00000000000042e6        0x2 
 .rodata.LCD_Init.str1.4
                0x00000000000042e8       0x47 ./Core/lcd.o
 *fill*         0x000000000000432f        0x1 
 .rodata.LCD_ShowChar.str1.4
                0x0000000000004330       0x4a ./Core/lcd.o
 *fill*         0x000000000000437a        0x2 
 .rodata.LCD_ShowNum.str1.4
                0x000000000000437c        0x3 ./Core/lcd.o
 *fill*         0x000000000000437f        0x1 
 .rodata.LCD_ShowString.str1.4
                0x0000000000004380       0x1e ./Core/lcd.o
 *fill*         0x000000000000439e        0x2 
 .rodata.asc2_1608
                0x00000000000043a0      0x5e0 ./Core/lcd.o
                0x00000000000043a0                asc2_1608
 .rodata.asc2_2412
                0x0000000000004980     0x11a0 ./Core/lcd.o
                0x0000000000004980                asc2_2412
 .rodata.asc2_3216
                0x0000000000005b20     0x1780 ./Core/lcd.o
                0x0000000000005b20                asc2_3216
 .rodata.press_FR.str1.4
                0x00000000000072a0        0x6 ./Core/use_as608.o
 *fill*         0x00000000000072a6        0x2 
 .rodata.__sf_fake_stderr
                0x00000000000072a8       0x20 d:/mounriver/mounriver_studio/toolchain/risc-v embedded gcc/bin/../lib/gcc/riscv-none-embed/8.2.0/../../../../riscv-none-embed/lib/rv32imac/ilp32\libg_nano.a(lib_a-findfp.o)
                0x00000000000072a8                __sf_fake_stderr
 .rodata.__sf_fake_stdin
                0x00000000000072c8       0x20 d:/mounriver/mounriver_studio/toolchain/risc-v embedded gcc/bin/../lib/gcc/riscv-none-embed/8.2.0/../../../../riscv-none-embed/lib/rv32imac/ilp32\libg_nano.a(lib_a-findfp.o)
                0x00000000000072c8                __sf_fake_stdin
 .rodata.__sf_fake_stdout
                0x00000000000072e8       0x20 d:/mounriver/mounriver_studio/toolchain/risc-v embedded gcc/bin/../lib/gcc/riscv-none-embed/8.2.0/../../../../riscv-none-embed/lib/rv32imac/ilp32\libg_nano.a(lib_a-findfp.o)
                0x00000000000072e8                __sf_fake_stdout
 .rodata._svfprintf_r.str1.4
                0x0000000000007308       0x13 d:/mounriver/mounriver_studio/toolchain/risc-v embedded gcc/bin/../lib/gcc/riscv-none-embed/8.2.0/../../../../riscv-none-embed/lib/rv32imac/ilp32\libg_nano.a(lib_a-nano-svfprintf.o)
 .rodata._vfprintf_r.str1.4
                0x000000000000731b       0x13 d:/mounriver/mounriver_studio/toolchain/risc-v embedded gcc/bin/../lib/gcc/riscv-none-embed/8.2.0/../../../../riscv-none-embed/lib/rv32imac/ilp32\libg_nano.a(lib_a-nano-vfprintf.o)
 *fill*         0x000000000000731b        0x1 
 .rodata._printf_i.str1.4
                0x000000000000731c       0x28 d:/mounriver/mounriver_studio/toolchain/risc-v embedded gcc/bin/../lib/gcc/riscv-none-embed/8.2.0/../../../../riscv-none-embed/lib/rv32imac/ilp32\libg_nano.a(lib_a-nano-vfprintf_i.o)
                                         0x25 (size before relaxing)
 *(.glue_7)
 *(.glue_7t)
 *(.gnu.linkonce.t.*)
                0x0000000000007344                . = ALIGN (0x4)

.rela.dyn       0x0000000000007344        0x0
 .rela.text.startup.main
                0x0000000000007344        0x0 ./User/ch32v30x_it.o
 .rela.init     0x0000000000007344        0x0 ./User/ch32v30x_it.o
 .rela.vector   0x0000000000007344        0x0 ./User/ch32v30x_it.o
 .rela.text.handle_reset
                0x0000000000007344        0x0 ./User/ch32v30x_it.o
 .rela.text._sbrk
                0x0000000000007344        0x0 ./User/ch32v30x_it.o
 .rela.sdata.curbrk.5226
                0x0000000000007344        0x0 ./User/ch32v30x_it.o
 .rela.text.JudgeStr
                0x0000000000007344        0x0 ./User/ch32v30x_it.o
 .rela.text.Display_JudgeFR
                0x0000000000007344        0x0 ./User/ch32v30x_it.o
 .rela.text.Display_AddFR
                0x0000000000007344        0x0 ./User/ch32v30x_it.o
 .rela.text.Display_OpenMV
                0x0000000000007344        0x0 ./User/ch32v30x_it.o
 .rela.text.EXTI0_IRQHandler
                0x0000000000007344        0x0 ./User/ch32v30x_it.o
 .rela.text.EXTI4_IRQHandler
                0x0000000000007344        0x0 ./User/ch32v30x_it.o
 .rela.text.EXTI9_5_IRQHandler
                0x0000000000007344        0x0 ./User/ch32v30x_it.o
 .rela.text.USART3_IRQHandler
                0x0000000000007344        0x0 ./User/ch32v30x_it.o
 .rela.text._svfprintf_r
                0x0000000000007344        0x0 ./User/ch32v30x_it.o
 .rela.text._vfprintf_r
                0x0000000000007344        0x0 ./User/ch32v30x_it.o
 .rela.text._sbrk_r
                0x0000000000007344        0x0 ./User/ch32v30x_it.o
 .rela.text._write_r
                0x0000000000007344        0x0 ./User/ch32v30x_it.o
 .rela.text._close_r
                0x0000000000007344        0x0 ./User/ch32v30x_it.o
 .rela.text._fstat_r
                0x0000000000007344        0x0 ./User/ch32v30x_it.o
 .rela.text._isatty_r
                0x0000000000007344        0x0 ./User/ch32v30x_it.o
 .rela.text._lseek_r
                0x0000000000007344        0x0 ./User/ch32v30x_it.o
 .rela.text._read_r
                0x0000000000007344        0x0 ./User/ch32v30x_it.o
 .rela.text._close
                0x0000000000007344        0x0 ./User/ch32v30x_it.o
 .rela.text._fstat
                0x0000000000007344        0x0 ./User/ch32v30x_it.o
 .rela.text._isatty
                0x0000000000007344        0x0 ./User/ch32v30x_it.o
 .rela.text._lseek
                0x0000000000007344        0x0 ./User/ch32v30x_it.o
 .rela.text._read
                0x0000000000007344        0x0 ./User/ch32v30x_it.o

.fini           0x0000000000007344        0x0
 *(SORT_NONE(.fini))
                0x0000000000007344                . = ALIGN (0x4)
                [!provide]                        PROVIDE (_etext = .)
                [!provide]                        PROVIDE (_eitcm = .)

.preinit_array  0x0000000000007344        0x0
                [!provide]                        PROVIDE (__preinit_array_start = .)
 *(.preinit_array)
                [!provide]                        PROVIDE (__preinit_array_end = .)

.init_array     0x0000000000007344        0x0
                [!provide]                        PROVIDE (__init_array_start = .)
 *(SORT_BY_INIT_PRIORITY(.init_array.*) SORT_BY_INIT_PRIORITY(.ctors.*))
 *(.init_array EXCLUDE_FILE(*crtend?.o *crtend.o *crtbegin?.o *crtbegin.o) .ctors)
                [!provide]                        PROVIDE (__init_array_end = .)

.fini_array     0x0000000000007344        0x0
                [!provide]                        PROVIDE (__fini_array_start = .)
 *(SORT_BY_INIT_PRIORITY(.fini_array.*) SORT_BY_INIT_PRIORITY(.dtors.*))
 *(.fini_array EXCLUDE_FILE(*crtend?.o *crtend.o *crtbegin?.o *crtbegin.o) .dtors)
                [!provide]                        PROVIDE (__fini_array_end = .)

.ctors
 *crtbegin.o(.ctors)
 *crtbegin?.o(.ctors)
 *(EXCLUDE_FILE(*crtend?.o *crtend.o) .ctors)
 *(SORT_BY_NAME(.ctors.*))
 *(.ctors)

.dtors
 *crtbegin.o(.dtors)
 *crtbegin?.o(.dtors)
 *(EXCLUDE_FILE(*crtend?.o *crtend.o) .dtors)
 *(SORT_BY_NAME(.dtors.*))
 *(.dtors)

.dalign         0x0000000020000000        0x0 load address 0x0000000000007344
                0x0000000020000000                . = ALIGN (0x4)
                0x0000000020000000                PROVIDE (_data_vma = .)

.dlalign        0x0000000000007344        0x0
                0x0000000000007344                . = ALIGN (0x4)
                0x0000000000007344                PROVIDE (_data_lma = .)

.data           0x0000000020000000       0xa8 load address 0x0000000000007344
 *(.gnu.linkonce.r.*)
 *(.data .data.*)
 .data.APBAHBPrescTable
                0x0000000020000000       0x10 ./Peripheral/src/ch32v30x_rcc.o
 .data.keyboard
                0x0000000020000010        0xc ./Core/key.o
                0x0000000020000010                keyboard
 .data.impure_data
                0x000000002000001c       0x60 d:/mounriver/mounriver_studio/toolchain/risc-v embedded gcc/bin/../lib/gcc/riscv-none-embed/8.2.0/../../../../riscv-none-embed/lib/rv32imac/ilp32\libg_nano.a(lib_a-impure.o)
 *(.gnu.linkonce.d.*)
                0x0000000020000080                . = ALIGN (0x8)
 *fill*         0x000000002000007c        0x4 
                0x0000000020000880                PROVIDE (__global_pointer$ = (. + 0x800))
 *(.sdata .sdata.*)
 .sdata.num_last
                0x0000000020000080        0x1 ./User/main.o
                0x0000000020000080                num_last
 *fill*         0x0000000020000081        0x3 
 .sdata.SystemCoreClock
                0x0000000020000084        0x4 ./User/system_ch32v30x.o
                0x0000000020000084                SystemCoreClock
 .sdata.ADCPrescTable
                0x0000000020000088        0x4 ./Peripheral/src/ch32v30x_rcc.o
 .sdata.curbrk.5226
                0x000000002000008c        0x4 ./Debug/debug.o
 .sdata.AS608Addr
                0x0000000020000090        0x4 ./Core/as608.o
                0x0000000020000090                AS608Addr
 .sdata.PassWord
                0x0000000020000094        0x4 ./Core/display.o
                0x0000000020000094                PassWord
 .sdata.Judge_OpenMV
                0x0000000020000098        0x1 ./Core/key.o
                0x0000000020000098                Judge_OpenMV
 .sdata.num     0x0000000020000099        0x1 ./Core/key.o
                0x0000000020000099                num
 .sdata.FORE_COLOR
                0x000000002000009a        0x2 ./Core/lcd.o
                0x000000002000009a                FORE_COLOR
 .sdata._impure_ptr
                0x000000002000009c        0x4 d:/mounriver/mounriver_studio/toolchain/risc-v embedded gcc/bin/../lib/gcc/riscv-none-embed/8.2.0/../../../../riscv-none-embed/lib/rv32imac/ilp32\libg_nano.a(lib_a-impure.o)
                0x000000002000009c                _impure_ptr
 *(.sdata2.*)
 .sdata2._global_impure_ptr
                0x00000000200000a0        0x4 d:/mounriver/mounriver_studio/toolchain/risc-v embedded gcc/bin/../lib/gcc/riscv-none-embed/8.2.0/../../../../riscv-none-embed/lib/rv32imac/ilp32\libg_nano.a(lib_a-impure.o)
                0x00000000200000a0                _global_impure_ptr
 *(.gnu.linkonce.s.*)
                0x00000000200000a8                . = ALIGN (0x8)
 *fill*         0x00000000200000a4        0x4 
 *(.srodata.cst16)
 *(.srodata.cst8)
 *(.srodata.cst4)
 *(.srodata.cst2)
 *(.srodata .srodata.*)
                0x00000000200000a8                . = ALIGN (0x4)
                0x00000000200000a8                PROVIDE (_edata = .)

.bss            0x00000000200000a8      0x38c load address 0x00000000000073ec
                0x00000000200000a8                . = ALIGN (0x4)
                0x00000000200000a8                PROVIDE (_sbss = .)
 *(.sbss*)
 .sbss.flag_getOpenMVdata
                0x00000000200000a8        0x1 ./User/main.o
                0x00000000200000a8                flag_getOpenMVdata
 *fill*         0x00000000200000a9        0x3 
 .sbss.NVIC_Priority_Group
                0x00000000200000ac        0x4 ./Peripheral/src/ch32v30x_misc.o
                0x00000000200000ac                NVIC_Priority_Group
 .sbss.p_ms     0x00000000200000b0        0x2 ./Debug/debug.o
 .sbss.p_us     0x00000000200000b2        0x1 ./Debug/debug.o
 *fill*         0x00000000200000b3        0x1 
 .sbss.BlinkLine_Count
                0x00000000200000b4        0x4 ./Core/display.o
                0x00000000200000b4                BlinkLine_Count
 .sbss.Record_PassWord
                0x00000000200000b8        0x4 ./Core/display.o
                0x00000000200000b8                Record_PassWord
 .sbss.a        0x00000000200000bc        0x4 ./Core/display.o
                0x00000000200000bc                a
 .sbss.b        0x00000000200000c0        0x4 ./Core/display.o
                0x00000000200000c0                b
 .sbss.c        0x00000000200000c4        0x4 ./Core/display.o
                0x00000000200000c4                c
 .sbss.d        0x00000000200000c8        0x4 ./Core/display.o
                0x00000000200000c8                d
 .sbss.e        0x00000000200000cc        0x4 ./Core/display.o
                0x00000000200000cc                e
 .sbss.enternum_pos_X
                0x00000000200000d0        0x1 ./Core/display.o
                0x00000000200000d0                enternum_pos_X
 *fill*         0x00000000200000d1        0x3 
 .sbss.f        0x00000000200000d4        0x4 ./Core/display.o
                0x00000000200000d4                f
 .sbss.flag_reshow
                0x00000000200000d8        0x1 ./Core/display.o
                0x00000000200000d8                flag_reshow
 .sbss.flag_warning
                0x00000000200000d9        0x1 ./Core/display.o
                0x00000000200000d9                flag_warning
 .sbss.time_error_count
                0x00000000200000da        0x1 ./Core/display.o
                0x00000000200000da                time_error_count
 *fill*         0x00000000200000db        0x1 
 .sbss.x_warning
                0x00000000200000dc        0x4 ./Core/display.o
                0x00000000200000dc                x_warning
 .sbss.y_warning
                0x00000000200000e0        0x4 ./Core/display.o
                0x00000000200000e0                y_warning
 .sbss.Add_data
                0x00000000200000e4        0x1 ./Core/key.o
                0x00000000200000e4                Add_data
 .sbss.Judge_data
                0x00000000200000e5        0x1 ./Core/key.o
                0x00000000200000e5                Judge_data
 .sbss.X_key    0x00000000200000e6        0x1 ./Core/key.o
                0x00000000200000e6                X_key
 .sbss.Y_key    0x00000000200000e7        0x1 ./Core/key.o
                0x00000000200000e7                Y_key
 .sbss.flag_InFR
                0x00000000200000e8        0x1 ./Core/key.o
                0x00000000200000e8                flag_InFR
 .sbss.flag_JudgeFR
                0x00000000200000e9        0x1 ./Core/key.o
                0x00000000200000e9                flag_JudgeFR
 .sbss.flag_OpenMV
                0x00000000200000ea        0x1 ./Core/key.o
                0x00000000200000ea                flag_OpenMV
 .sbss.flag_dispaly_OpenMV
                0x00000000200000eb        0x1 ./Core/key.o
                0x00000000200000eb                flag_dispaly_OpenMV
 .sbss.flag_enter
                0x00000000200000ec        0x1 ./Core/key.o
                0x00000000200000ec                flag_enter
 *fill*         0x00000000200000ed        0x1 
 .sbss.BACK_COLOR
                0x00000000200000ee        0x2 ./Core/lcd.o
                0x00000000200000ee                BACK_COLOR
 .sbss.USART3_RX_STA
                0x00000000200000f0        0x2 ./Core/usart2.o
                0x00000000200000f0                USART3_RX_STA
 *fill*         0x00000000200000f2        0x2 
 .sbss.__malloc_free_list
                0x00000000200000f4        0x4 d:/mounriver/mounriver_studio/toolchain/risc-v embedded gcc/bin/../lib/gcc/riscv-none-embed/8.2.0/../../../../riscv-none-embed/lib/rv32imac/ilp32\libg_nano.a(lib_a-nano-mallocr.o)
                0x00000000200000f4                __malloc_free_list
 .sbss.__malloc_sbrk_start
                0x00000000200000f8        0x4 d:/mounriver/mounriver_studio/toolchain/risc-v embedded gcc/bin/../lib/gcc/riscv-none-embed/8.2.0/../../../../riscv-none-embed/lib/rv32imac/ilp32\libg_nano.a(lib_a-nano-mallocr.o)
                0x00000000200000f8                __malloc_sbrk_start
 *(.gnu.linkonce.sb.*)
 *(.bss*)
 *(.gnu.linkonce.b.*)
 *(COMMON*)
 COMMON         0x00000000200000fc        0x8 ./User/main.o
                0x00000000200000fc                recv
                0x0000000020000100                OpenMV_Volue
 COMMON         0x0000000020000104        0xc ./Core/key.o
                0x0000000020000104                Add_Value
                0x0000000020000108                Judge_Value
                0x000000002000010c                OpenMV_Value
 COMMON         0x0000000020000110      0x320 ./Core/usart2.o
                0x0000000020000110                USART3_RX_BUF
                0x00000000200002a0                USART3_TX_BUF
 COMMON         0x0000000020000430        0x4 d:/mounriver/mounriver_studio/toolchain/risc-v embedded gcc/bin/../lib/gcc/riscv-none-embed/8.2.0/../../../../riscv-none-embed/lib/rv32imac/ilp32\libg_nano.a(lib_a-reent.o)
                0x0000000020000430                errno
                0x0000000020000434                . = ALIGN (0x4)
                0x0000000020000434                PROVIDE (_ebss = .)
                0x0000000020000434                PROVIDE (_end = _ebss)
                [!provide]                        PROVIDE (end = .)

.stack          0x0000000020007800      0x800
                0x0000000020007800                PROVIDE (_heap_end = .)
                0x0000000020007800                . = ALIGN (0x4)
                [!provide]                        PROVIDE (_susrstack = .)
                0x0000000020008000                . = (. + __stack_size)
 *fill*         0x0000000020007800      0x800 
                0x0000000020008000                PROVIDE (_eusrstack = .)
OUTPUT(Intelligent_door_lock_2.elf elf32-littleriscv)

.debug_info     0x0000000000000000    0x18835
 .debug_info    0x0000000000000000      0x962 ./User/ch32v30x_it.o
 .debug_info    0x0000000000000962      0xf54 ./User/main.o
 .debug_info    0x00000000000018b6      0xb63 ./User/system_ch32v30x.o
 .debug_info    0x0000000000002419       0x22 ./Startup/startup_ch32v30x_D8C.o
 .debug_info    0x000000000000243b      0xc0d ./Peripheral/src/ch32v30x_exti.o
 .debug_info    0x0000000000003048     0x104d ./Peripheral/src/ch32v30x_fsmc.o
 .debug_info    0x0000000000004095     0x1093 ./Peripheral/src/ch32v30x_gpio.o
 .debug_info    0x0000000000005128      0xf67 ./Peripheral/src/ch32v30x_misc.o
 .debug_info    0x000000000000608f     0x155d ./Peripheral/src/ch32v30x_rcc.o
 .debug_info    0x00000000000075ec     0x2a18 ./Peripheral/src/ch32v30x_tim.o
 .debug_info    0x000000000000a004     0x1420 ./Peripheral/src/ch32v30x_usart.o
 .debug_info    0x000000000000b424      0xf1c ./Debug/debug.o
 .debug_info    0x000000000000c340     0x1360 ./Core/PWM.o
 .debug_info    0x000000000000d6a0     0x2363 ./Core/as608.o
 .debug_info    0x000000000000fa03     0x1556 ./Core/display.o
 .debug_info    0x0000000000010f59     0x1444 ./Core/key.o
 .debug_info    0x000000000001239d     0x30d4 ./Core/lcd.o
 .debug_info    0x0000000000015471     0x1231 ./Core/timer.o
 .debug_info    0x00000000000166a2     0x1358 ./Core/usart2.o
 .debug_info    0x00000000000179fa      0xe3b ./Core/use_as608.o

.debug_abbrev   0x0000000000000000     0x3bc9
 .debug_abbrev  0x0000000000000000      0x1cf ./User/ch32v30x_it.o
 .debug_abbrev  0x00000000000001cf      0x29a ./User/main.o
 .debug_abbrev  0x0000000000000469      0x2c0 ./User/system_ch32v30x.o
 .debug_abbrev  0x0000000000000729       0x12 ./Startup/startup_ch32v30x_D8C.o
 .debug_abbrev  0x000000000000073b      0x2da ./Peripheral/src/ch32v30x_exti.o
 .debug_abbrev  0x0000000000000a15      0x2d9 ./Peripheral/src/ch32v30x_fsmc.o
 .debug_abbrev  0x0000000000000cee      0x31a ./Peripheral/src/ch32v30x_gpio.o
 .debug_abbrev  0x0000000000001008      0x2fb ./Peripheral/src/ch32v30x_misc.o
 .debug_abbrev  0x0000000000001303      0x351 ./Peripheral/src/ch32v30x_rcc.o
 .debug_abbrev  0x0000000000001654      0x421 ./Peripheral/src/ch32v30x_tim.o
 .debug_abbrev  0x0000000000001a75      0x325 ./Peripheral/src/ch32v30x_usart.o
 .debug_abbrev  0x0000000000001d9a      0x2f9 ./Debug/debug.o
 .debug_abbrev  0x0000000000002093      0x31b ./Core/PWM.o
 .debug_abbrev  0x00000000000023ae      0x4b5 ./Core/as608.o
 .debug_abbrev  0x0000000000002863      0x2f0 ./Core/display.o
 .debug_abbrev  0x0000000000002b53      0x2cd ./Core/key.o
 .debug_abbrev  0x0000000000002e20      0x4cb ./Core/lcd.o
 .debug_abbrev  0x00000000000032eb      0x2c8 ./Core/timer.o
 .debug_abbrev  0x00000000000035b3      0x30a ./Core/usart2.o
 .debug_abbrev  0x00000000000038bd      0x30c ./Core/use_as608.o

.debug_aranges  0x0000000000000000      0xb78
 .debug_aranges
                0x0000000000000000       0x28 ./User/ch32v30x_it.o
 .debug_aranges
                0x0000000000000028       0x20 ./User/main.o
 .debug_aranges
                0x0000000000000048       0x28 ./User/system_ch32v30x.o
 .debug_aranges
                0x0000000000000070       0x30 ./Startup/startup_ch32v30x_D8C.o
 .debug_aranges
                0x00000000000000a0       0x50 ./Peripheral/src/ch32v30x_exti.o
 .debug_aranges
                0x00000000000000f0       0x90 ./Peripheral/src/ch32v30x_fsmc.o
 .debug_aranges
                0x0000000000000180       0xa8 ./Peripheral/src/ch32v30x_gpio.o
 .debug_aranges
                0x0000000000000228       0x28 ./Peripheral/src/ch32v30x_misc.o
 .debug_aranges
                0x0000000000000250      0x1a8 ./Peripheral/src/ch32v30x_rcc.o
 .debug_aranges
                0x00000000000003f8      0x2d0 ./Peripheral/src/ch32v30x_tim.o
 .debug_aranges
                0x00000000000006c8      0x100 ./Peripheral/src/ch32v30x_usart.o
 .debug_aranges
                0x00000000000007c8       0x48 ./Debug/debug.o
 .debug_aranges
                0x0000000000000810       0x30 ./Core/PWM.o
 .debug_aranges
                0x0000000000000840       0xd8 ./Core/as608.o
 .debug_aranges
                0x0000000000000918       0x68 ./Core/display.o
 .debug_aranges
                0x0000000000000980       0x58 ./Core/key.o
 .debug_aranges
                0x00000000000009d8      0x110 ./Core/lcd.o
 .debug_aranges
                0x0000000000000ae8       0x28 ./Core/timer.o
 .debug_aranges
                0x0000000000000b10       0x30 ./Core/usart2.o
 .debug_aranges
                0x0000000000000b40       0x38 ./Core/use_as608.o

.debug_ranges   0x0000000000000000      0xbb8
 .debug_ranges  0x0000000000000000       0x18 ./User/ch32v30x_it.o
 .debug_ranges  0x0000000000000018       0x10 ./User/main.o
 .debug_ranges  0x0000000000000028       0x38 ./User/system_ch32v30x.o
 .debug_ranges  0x0000000000000060       0x28 ./Startup/startup_ch32v30x_D8C.o
 .debug_ranges  0x0000000000000088       0x40 ./Peripheral/src/ch32v30x_exti.o
 .debug_ranges  0x00000000000000c8       0x80 ./Peripheral/src/ch32v30x_fsmc.o
 .debug_ranges  0x0000000000000148       0x98 ./Peripheral/src/ch32v30x_gpio.o
 .debug_ranges  0x00000000000001e0       0x48 ./Peripheral/src/ch32v30x_misc.o
 .debug_ranges  0x0000000000000228      0x198 ./Peripheral/src/ch32v30x_rcc.o
 .debug_ranges  0x00000000000003c0      0x308 ./Peripheral/src/ch32v30x_tim.o
 .debug_ranges  0x00000000000006c8       0xf0 ./Peripheral/src/ch32v30x_usart.o
 .debug_ranges  0x00000000000007b8       0x38 ./Debug/debug.o
 .debug_ranges  0x00000000000007f0       0x20 ./Core/PWM.o
 .debug_ranges  0x0000000000000810       0xf8 ./Core/as608.o
 .debug_ranges  0x0000000000000908       0x58 ./Core/display.o
 .debug_ranges  0x0000000000000960       0x48 ./Core/key.o
 .debug_ranges  0x00000000000009a8      0x198 ./Core/lcd.o
 .debug_ranges  0x0000000000000b40       0x18 ./Core/timer.o
 .debug_ranges  0x0000000000000b58       0x20 ./Core/usart2.o
 .debug_ranges  0x0000000000000b78       0x40 ./Core/use_as608.o

.debug_line     0x0000000000000000    0x11876
 .debug_line    0x0000000000000000      0x237 ./User/ch32v30x_it.o
 .debug_line    0x0000000000000237      0x7bc ./User/main.o
 .debug_line    0x00000000000009f3      0x74f ./User/system_ch32v30x.o
 .debug_line    0x0000000000001142      0x356 ./Startup/startup_ch32v30x_D8C.o
 .debug_line    0x0000000000001498      0x5f8 ./Peripheral/src/ch32v30x_exti.o
 .debug_line    0x0000000000001a90      0xe54 ./Peripheral/src/ch32v30x_fsmc.o
 .debug_line    0x00000000000028e4      0xdd3 ./Peripheral/src/ch32v30x_gpio.o
 .debug_line    0x00000000000036b7      0x4f2 ./Peripheral/src/ch32v30x_misc.o
 .debug_line    0x0000000000003ba9     0x1813 ./Peripheral/src/ch32v30x_rcc.o
 .debug_line    0x00000000000053bc     0x3437 ./Peripheral/src/ch32v30x_tim.o
 .debug_line    0x00000000000087f3     0x10cc ./Peripheral/src/ch32v30x_usart.o
 .debug_line    0x00000000000098bf      0x70e ./Debug/debug.o
 .debug_line    0x0000000000009fcd      0x693 ./Core/PWM.o
 .debug_line    0x000000000000a660     0x1a5c ./Core/as608.o
 .debug_line    0x000000000000c0bc      0xf3f ./Core/display.o
 .debug_line    0x000000000000cffb      0xabd ./Core/key.o
 .debug_line    0x000000000000dab8     0x2cea ./Core/lcd.o
 .debug_line    0x00000000000107a2      0x508 ./Core/timer.o
 .debug_line    0x0000000000010caa      0x736 ./Core/usart2.o
 .debug_line    0x00000000000113e0      0x496 ./Core/use_as608.o

.debug_str      0x0000000000000000     0x37f7
 .debug_str     0x0000000000000000      0x546 ./User/ch32v30x_it.o
                                        0x5b3 (size before relaxing)
 .debug_str     0x0000000000000546      0x35d ./User/main.o
                                        0x92e (size before relaxing)
 .debug_str     0x00000000000008a3       0xef ./User/system_ch32v30x.o
                                        0x6ad (size before relaxing)
 .debug_str     0x0000000000000992       0x2e ./Startup/startup_ch32v30x_D8C.o
                                         0x72 (size before relaxing)
 .debug_str     0x00000000000009c0      0x1ea ./Peripheral/src/ch32v30x_exti.o
                                        0x78a (size before relaxing)
 .debug_str     0x0000000000000baa      0x4dc ./Peripheral/src/ch32v30x_fsmc.o
                                        0xac5 (size before relaxing)
 .debug_str     0x0000000000001086      0x383 ./Peripheral/src/ch32v30x_gpio.o
                                        0x96e (size before relaxing)
 .debug_str     0x0000000000001409      0x6a0 ./Peripheral/src/ch32v30x_misc.o
                                        0xcb9 (size before relaxing)
 .debug_str     0x0000000000001aa9      0x5f7 ./Peripheral/src/ch32v30x_rcc.o
                                        0xcbe (size before relaxing)
 .debug_str     0x00000000000020a0      0xb96 ./Peripheral/src/ch32v30x_tim.o
                                       0x1278 (size before relaxing)
 .debug_str     0x0000000000002c36      0x3db ./Peripheral/src/ch32v30x_usart.o
                                        0xb14 (size before relaxing)
 .debug_str     0x0000000000003011       0x9b ./Debug/debug.o
                                        0x8fc (size before relaxing)
 .debug_str     0x00000000000030ac       0x82 ./Core/PWM.o
                                        0xb18 (size before relaxing)
 .debug_str     0x000000000000312e      0x1d1 ./Core/as608.o
                                        0x9f7 (size before relaxing)
 .debug_str     0x00000000000032ff       0x7a ./Core/display.o
                                        0x7de (size before relaxing)
 .debug_str     0x0000000000003379       0xc5 ./Core/key.o
                                        0xfc3 (size before relaxing)
 .debug_str     0x000000000000343e      0x2e9 ./Core/lcd.o
                                        0xfe5 (size before relaxing)
 .debug_str     0x0000000000003727       0x44 ./Core/timer.o
                                        0xf2a (size before relaxing)
 .debug_str     0x000000000000376b       0x4f ./Core/usart2.o
                                        0xb76 (size before relaxing)
 .debug_str     0x00000000000037ba       0x3d ./Core/use_as608.o
                                        0x7e1 (size before relaxing)

.comment        0x0000000000000000       0x33
 .comment       0x0000000000000000       0x33 ./User/ch32v30x_it.o
                                         0x34 (size before relaxing)
 .comment       0x0000000000000033       0x34 ./User/main.o
 .comment       0x0000000000000033       0x34 ./User/system_ch32v30x.o
 .comment       0x0000000000000033       0x34 ./Peripheral/src/ch32v30x_exti.o
 .comment       0x0000000000000033       0x34 ./Peripheral/src/ch32v30x_fsmc.o
 .comment       0x0000000000000033       0x34 ./Peripheral/src/ch32v30x_gpio.o
 .comment       0x0000000000000033       0x34 ./Peripheral/src/ch32v30x_misc.o
 .comment       0x0000000000000033       0x34 ./Peripheral/src/ch32v30x_rcc.o
 .comment       0x0000000000000033       0x34 ./Peripheral/src/ch32v30x_tim.o
 .comment       0x0000000000000033       0x34 ./Peripheral/src/ch32v30x_usart.o
 .comment       0x0000000000000033       0x34 ./Debug/debug.o
 .comment       0x0000000000000033       0x34 ./Core/PWM.o
 .comment       0x0000000000000033       0x34 ./Core/as608.o
 .comment       0x0000000000000033       0x34 ./Core/display.o
 .comment       0x0000000000000033       0x34 ./Core/key.o
 .comment       0x0000000000000033       0x34 ./Core/lcd.o
 .comment       0x0000000000000033       0x34 ./Core/timer.o
 .comment       0x0000000000000033       0x34 ./Core/usart2.o
 .comment       0x0000000000000033       0x34 ./Core/use_as608.o

.debug_frame    0x0000000000000000     0x2708
 .debug_frame   0x0000000000000000       0x30 ./User/ch32v30x_it.o
 .debug_frame   0x0000000000000030       0x38 ./User/main.o
 .debug_frame   0x0000000000000068       0x3c ./User/system_ch32v30x.o
 .debug_frame   0x00000000000000a4       0x90 ./Peripheral/src/ch32v30x_exti.o
 .debug_frame   0x0000000000000134      0x100 ./Peripheral/src/ch32v30x_fsmc.o
 .debug_frame   0x0000000000000234      0x150 ./Peripheral/src/ch32v30x_gpio.o
 .debug_frame   0x0000000000000384       0x30 ./Peripheral/src/ch32v30x_misc.o
 .debug_frame   0x00000000000003b4      0x340 ./Peripheral/src/ch32v30x_rcc.o
 .debug_frame   0x00000000000006f4      0x66c ./Peripheral/src/ch32v30x_tim.o
 .debug_frame   0x0000000000000d60      0x210 ./Peripheral/src/ch32v30x_usart.o
 .debug_frame   0x0000000000000f70       0xa4 ./Debug/debug.o
 .debug_frame   0x0000000000001014       0x6c ./Core/PWM.o
 .debug_frame   0x0000000000001080      0x370 ./Core/as608.o
 .debug_frame   0x00000000000013f0      0x188 ./Core/display.o
 .debug_frame   0x0000000000001578       0xa8 ./Core/key.o
 .debug_frame   0x0000000000001620      0x484 ./Core/lcd.o
 .debug_frame   0x0000000000001aa4       0x64 ./Core/timer.o
 .debug_frame   0x0000000000001b08       0x94 ./Core/usart2.o
 .debug_frame   0x0000000000001b9c       0x70 ./Core/use_as608.o
 .debug_frame   0x0000000000001c0c       0x54 d:/mounriver/mounriver_studio/toolchain/risc-v embedded gcc/bin/../lib/gcc/riscv-none-embed/8.2.0/../../../../riscv-none-embed/lib/rv32imac/ilp32\libg_nano.a(lib_a-printf.o)
 .debug_frame   0x0000000000001c60       0x54 d:/mounriver/mounriver_studio/toolchain/risc-v embedded gcc/bin/../lib/gcc/riscv-none-embed/8.2.0/../../../../riscv-none-embed/lib/rv32imac/ilp32\libg_nano.a(lib_a-puts.o)
 .debug_frame   0x0000000000001cb4       0x20 d:/mounriver/mounriver_studio/toolchain/risc-v embedded gcc/bin/../lib/gcc/riscv-none-embed/8.2.0/../../../../riscv-none-embed/lib/rv32imac/ilp32\libg_nano.a(lib_a-strstr.o)
 .debug_frame   0x0000000000001cd4       0x48 d:/mounriver/mounriver_studio/toolchain/risc-v embedded gcc/bin/../lib/gcc/riscv-none-embed/8.2.0/../../../../riscv-none-embed/lib/rv32imac/ilp32\libg_nano.a(lib_a-vsnprintf.o)
 .debug_frame   0x0000000000001d1c       0x50 d:/mounriver/mounriver_studio/toolchain/risc-v embedded gcc/bin/../lib/gcc/riscv-none-embed/8.2.0/../../../../riscv-none-embed/lib/rv32imac/ilp32\libg_nano.a(lib_a-wbuf.o)
 .debug_frame   0x0000000000001d6c       0x3c d:/mounriver/mounriver_studio/toolchain/risc-v embedded gcc/bin/../lib/gcc/riscv-none-embed/8.2.0/../../../../riscv-none-embed/lib/rv32imac/ilp32\libg_nano.a(lib_a-wsetup.o)
 .debug_frame   0x0000000000001da8       0x7c d:/mounriver/mounriver_studio/toolchain/risc-v embedded gcc/bin/../lib/gcc/riscv-none-embed/8.2.0/../../../../riscv-none-embed/lib/rv32imac/ilp32\libg_nano.a(lib_a-fflush.o)
 .debug_frame   0x0000000000001e24      0x148 d:/mounriver/mounriver_studio/toolchain/risc-v embedded gcc/bin/../lib/gcc/riscv-none-embed/8.2.0/../../../../riscv-none-embed/lib/rv32imac/ilp32\libg_nano.a(lib_a-findfp.o)
 .debug_frame   0x0000000000001f6c       0x88 d:/mounriver/mounriver_studio/toolchain/risc-v embedded gcc/bin/../lib/gcc/riscv-none-embed/8.2.0/../../../../riscv-none-embed/lib/rv32imac/ilp32\libg_nano.a(lib_a-fwalk.o)
 .debug_frame   0x0000000000001ff4       0x64 d:/mounriver/mounriver_studio/toolchain/risc-v embedded gcc/bin/../lib/gcc/riscv-none-embed/8.2.0/../../../../riscv-none-embed/lib/rv32imac/ilp32\libg_nano.a(lib_a-makebuf.o)
 .debug_frame   0x0000000000002058       0x40 d:/mounriver/mounriver_studio/toolchain/risc-v embedded gcc/bin/../lib/gcc/riscv-none-embed/8.2.0/../../../../riscv-none-embed/lib/rv32imac/ilp32\libg_nano.a(lib_a-nano-freer.o)
 .debug_frame   0x0000000000002098       0x40 d:/mounriver/mounriver_studio/toolchain/risc-v embedded gcc/bin/../lib/gcc/riscv-none-embed/8.2.0/../../../../riscv-none-embed/lib/rv32imac/ilp32\libg_nano.a(lib_a-nano-mallocr.o)
 .debug_frame   0x00000000000020d8       0xe0 d:/mounriver/mounriver_studio/toolchain/risc-v embedded gcc/bin/../lib/gcc/riscv-none-embed/8.2.0/../../../../riscv-none-embed/lib/rv32imac/ilp32\libg_nano.a(lib_a-nano-svfprintf.o)
 .debug_frame   0x00000000000021b8       0xd0 d:/mounriver/mounriver_studio/toolchain/risc-v embedded gcc/bin/../lib/gcc/riscv-none-embed/8.2.0/../../../../riscv-none-embed/lib/rv32imac/ilp32\libg_nano.a(lib_a-nano-vfprintf.o)
 .debug_frame   0x0000000000002288       0x8c d:/mounriver/mounriver_studio/toolchain/risc-v embedded gcc/bin/../lib/gcc/riscv-none-embed/8.2.0/../../../../riscv-none-embed/lib/rv32imac/ilp32\libg_nano.a(lib_a-nano-vfprintf_i.o)
 .debug_frame   0x0000000000002314       0x30 d:/mounriver/mounriver_studio/toolchain/risc-v embedded gcc/bin/../lib/gcc/riscv-none-embed/8.2.0/../../../../riscv-none-embed/lib/rv32imac/ilp32\libg_nano.a(lib_a-sbrkr.o)
 .debug_frame   0x0000000000002344       0xa4 d:/mounriver/mounriver_studio/toolchain/risc-v embedded gcc/bin/../lib/gcc/riscv-none-embed/8.2.0/../../../../riscv-none-embed/lib/rv32imac/ilp32\libg_nano.a(lib_a-stdio.o)
 .debug_frame   0x00000000000023e8       0x30 d:/mounriver/mounriver_studio/toolchain/risc-v embedded gcc/bin/../lib/gcc/riscv-none-embed/8.2.0/../../../../riscv-none-embed/lib/rv32imac/ilp32\libg_nano.a(lib_a-writer.o)
 .debug_frame   0x0000000000002418       0x30 d:/mounriver/mounriver_studio/toolchain/risc-v embedded gcc/bin/../lib/gcc/riscv-none-embed/8.2.0/../../../../riscv-none-embed/lib/rv32imac/ilp32\libg_nano.a(lib_a-closer.o)
 .debug_frame   0x0000000000002448       0x30 d:/mounriver/mounriver_studio/toolchain/risc-v embedded gcc/bin/../lib/gcc/riscv-none-embed/8.2.0/../../../../riscv-none-embed/lib/rv32imac/ilp32\libg_nano.a(lib_a-fstatr.o)
 .debug_frame   0x0000000000002478       0x30 d:/mounriver/mounriver_studio/toolchain/risc-v embedded gcc/bin/../lib/gcc/riscv-none-embed/8.2.0/../../../../riscv-none-embed/lib/rv32imac/ilp32\libg_nano.a(lib_a-isattyr.o)
 .debug_frame   0x00000000000024a8       0x30 d:/mounriver/mounriver_studio/toolchain/risc-v embedded gcc/bin/../lib/gcc/riscv-none-embed/8.2.0/../../../../riscv-none-embed/lib/rv32imac/ilp32\libg_nano.a(lib_a-lseekr.o)
 .debug_frame   0x00000000000024d8       0x20 d:/mounriver/mounriver_studio/toolchain/risc-v embedded gcc/bin/../lib/gcc/riscv-none-embed/8.2.0/../../../../riscv-none-embed/lib/rv32imac/ilp32\libg_nano.a(lib_a-memchr.o)
 .debug_frame   0x00000000000024f8       0x20 d:/mounriver/mounriver_studio/toolchain/risc-v embedded gcc/bin/../lib/gcc/riscv-none-embed/8.2.0/../../../../riscv-none-embed/lib/rv32imac/ilp32\libg_nano.a(lib_a-memcpy.o)
 .debug_frame   0x0000000000002518       0x20 d:/mounriver/mounriver_studio/toolchain/risc-v embedded gcc/bin/../lib/gcc/riscv-none-embed/8.2.0/../../../../riscv-none-embed/lib/rv32imac/ilp32\libg_nano.a(lib_a-memmove.o)
 .debug_frame   0x0000000000002538       0x30 d:/mounriver/mounriver_studio/toolchain/risc-v embedded gcc/bin/../lib/gcc/riscv-none-embed/8.2.0/../../../../riscv-none-embed/lib/rv32imac/ilp32\libg_nano.a(lib_a-mlock.o)
 .debug_frame   0x0000000000002568       0x40 d:/mounriver/mounriver_studio/toolchain/risc-v embedded gcc/bin/../lib/gcc/riscv-none-embed/8.2.0/../../../../riscv-none-embed/lib/rv32imac/ilp32\libg_nano.a(lib_a-nano-reallocr.o)
 .debug_frame   0x00000000000025a8       0x30 d:/mounriver/mounriver_studio/toolchain/risc-v embedded gcc/bin/../lib/gcc/riscv-none-embed/8.2.0/../../../../riscv-none-embed/lib/rv32imac/ilp32\libg_nano.a(lib_a-readr.o)
 .debug_frame   0x00000000000025d8       0x70 d:/mounriver/mounriver_studio/toolchain/risc-v embedded gcc/bin/../lib/gcc/riscv-none-embed/8.2.0/../../../../riscv-none-embed/lib/rv32imac/ilp32\libg_nano.a(lib_a-reent.o)
 .debug_frame   0x0000000000002648       0x20 d:/mounriver/mounriver_studio/toolchain/risc-v embedded gcc/bin/../lib/gcc/riscv-none-embed/8.2.0/../../../../riscv-none-embed/lib/rv32imac/ilp32\libg_nano.a(lib_a-nano-msizer.o)
 .debug_frame   0x0000000000002668       0x20 d:/mounriver/mounriver_studio/toolchain/risc-v embedded gcc/bin/../lib/gcc/riscv-none-embed/8.2.0/../../../../riscv-none-embed/lib/rv32imac/ilp32\libnosys.a(close.o)
 .debug_frame   0x0000000000002688       0x20 d:/mounriver/mounriver_studio/toolchain/risc-v embedded gcc/bin/../lib/gcc/riscv-none-embed/8.2.0/../../../../riscv-none-embed/lib/rv32imac/ilp32\libnosys.a(fstat.o)
 .debug_frame   0x00000000000026a8       0x20 d:/mounriver/mounriver_studio/toolchain/risc-v embedded gcc/bin/../lib/gcc/riscv-none-embed/8.2.0/../../../../riscv-none-embed/lib/rv32imac/ilp32\libnosys.a(isatty.o)
 .debug_frame   0x00000000000026c8       0x20 d:/mounriver/mounriver_studio/toolchain/risc-v embedded gcc/bin/../lib/gcc/riscv-none-embed/8.2.0/../../../../riscv-none-embed/lib/rv32imac/ilp32\libnosys.a(lseek.o)
 .debug_frame   0x00000000000026e8       0x20 d:/mounriver/mounriver_studio/toolchain/risc-v embedded gcc/bin/../lib/gcc/riscv-none-embed/8.2.0/../../../../riscv-none-embed/lib/rv32imac/ilp32\libnosys.a(read.o)

.debug_loc      0x0000000000000000     0x6e00
 .debug_loc     0x0000000000000000       0xe5 ./User/system_ch32v30x.o
 .debug_loc     0x00000000000000e5      0x181 ./Peripheral/src/ch32v30x_exti.o
 .debug_loc     0x0000000000000266      0x454 ./Peripheral/src/ch32v30x_fsmc.o
 .debug_loc     0x00000000000006ba      0x67b ./Peripheral/src/ch32v30x_gpio.o
 .debug_loc     0x0000000000000d35       0xce ./Peripheral/src/ch32v30x_misc.o
 .debug_loc     0x0000000000000e03      0xa54 ./Peripheral/src/ch32v30x_rcc.o
 .debug_loc     0x0000000000001857     0x1b0c ./Peripheral/src/ch32v30x_tim.o
 .debug_loc     0x0000000000003363      0x7f8 ./Peripheral/src/ch32v30x_usart.o
 .debug_loc     0x0000000000003b5b      0x1a8 ./Debug/debug.o
 .debug_loc     0x0000000000003d03      0x168 ./Core/PWM.o
 .debug_loc     0x0000000000003e6b      0xde3 ./Core/as608.o
 .debug_loc     0x0000000000004c4e      0x1a4 ./Core/display.o
 .debug_loc     0x0000000000004df2     0x1eb1 ./Core/lcd.o
 .debug_loc     0x0000000000006ca3       0x42 ./Core/timer.o
 .debug_loc     0x0000000000006ce5       0xbe ./Core/usart2.o
 .debug_loc     0x0000000000006da3       0x5d ./Core/use_as608.o

.stab           0x0000000000000000       0x84
 .stab          0x0000000000000000       0x24 d:/mounriver/mounriver_studio/toolchain/risc-v embedded gcc/bin/../lib/gcc/riscv-none-embed/8.2.0/../../../../riscv-none-embed/lib/rv32imac/ilp32\libnosys.a(close.o)
 .stab          0x0000000000000024       0x18 d:/mounriver/mounriver_studio/toolchain/risc-v embedded gcc/bin/../lib/gcc/riscv-none-embed/8.2.0/../../../../riscv-none-embed/lib/rv32imac/ilp32\libnosys.a(fstat.o)
                                         0x24 (size before relaxing)
 .stab          0x000000000000003c       0x18 d:/mounriver/mounriver_studio/toolchain/risc-v embedded gcc/bin/../lib/gcc/riscv-none-embed/8.2.0/../../../../riscv-none-embed/lib/rv32imac/ilp32\libnosys.a(isatty.o)
                                         0x24 (size before relaxing)
 .stab          0x0000000000000054       0x18 d:/mounriver/mounriver_studio/toolchain/risc-v embedded gcc/bin/../lib/gcc/riscv-none-embed/8.2.0/../../../../riscv-none-embed/lib/rv32imac/ilp32\libnosys.a(lseek.o)
                                         0x24 (size before relaxing)
 .stab          0x000000000000006c       0x18 d:/mounriver/mounriver_studio/toolchain/risc-v embedded gcc/bin/../lib/gcc/riscv-none-embed/8.2.0/../../../../riscv-none-embed/lib/rv32imac/ilp32\libnosys.a(read.o)
                                         0x24 (size before relaxing)

.stabstr        0x0000000000000000      0x117
 .stabstr       0x0000000000000000      0x117 d:/mounriver/mounriver_studio/toolchain/risc-v embedded gcc/bin/../lib/gcc/riscv-none-embed/8.2.0/../../../../riscv-none-embed/lib/rv32imac/ilp32\libnosys.a(close.o)
